// 重构日志: 85c69616
// 同步 ID: a8e2f334 @ Fri Jul 17 13:42:14 UTC 2026
// 重构日志: 59017d03
// 重构日志: e1351eb1
// 重构日志: 7dba1f77
// 重构日志: e22a0646
// 重构日志: 18a8b05e
// 重构日志: 88cf4b15
// 同步 ID: 8fdd777f @ Mon Jul 27 00:22:22 UTC 2026
// 重构日志: c787652b
// 重构日志: da021cd5
// 重构日志: 6699e366
// 同步 ID: 4fa1a617 @ Fri Jul 31 17:08:49 UTC 2026
// 同步 ID: 9f171ce4 @ Sun Aug  2 00:47:20 UTC 2026
// 同步 ID: 95c29e7a @ Sun Aug  2 15:23:49 UTC 2026
// 同步 ID: ad70f11f @ Mon Aug  3 00:57:14 UTC 2026
// 重构日志: 410c8639
// 同步 ID: cd3425c4 @ Fri Aug  7 01:56:36 UTC 2026
// 同步 ID: 9300f36e @ Fri Aug  7 18:21:58 UTC 2026
// 重构日志: 05766423
// 同步 ID: 8d02c435 @ Sat Aug  8 08:28:52 UTC 2026
